// Jest Snapshot v1, https://goo.gl/fbAQLP

exports[`<RegistrationForm/> component Render Registration Form component - Password Validation 1`] = `
<div
  class="registrationContainer"
  data-testid="test-id-register-form"
>
  <form
    class="form"
    data-testid="form-test-id"
  >
    <h2
      class="heading heading--h2 formTitle"
    >
      Registration
    </h2>
    <div
      class="loginInfo"
    >
      <div>
        <label
          class="label required"
          for="email"
        >
          Email
          <span
            aria-hidden="true"
          >
            *
          </span>
        </label>
        <div
          class="inputContainer"
        >
          <div
            class="inputWrapper"
          >
            <input
              autocomplete="email"
              class="input error"
              data-testid="test-id-input-field"
              id="email"
              name="email"
              placeholder="Enter your email"
              type="text"
            />
          </div>
          <div
            class="errorMessage"
          >
            <svg
              class="errorIcon"
              fill="none"
              height="1em"
              stroke="currentColor"
              stroke-linecap="round"
              stroke-linejoin="round"
              stroke-width="2"
              viewBox="0 0 24 24"
              width="1em"
              xmlns="http://www.w3.org/2000/svg"
            >
              <circle
                cx="12"
                cy="12"
                r="10"
              />
              <line
                x1="12"
                x2="12"
                y1="8"
                y2="12"
              />
              <line
                x1="12"
                x2="12.01"
                y1="16"
                y2="16"
              />
            </svg>
            <span
              data-testid="error-input-test-id"
            >
              Email is required
            </span>
          </div>
        </div>
      </div>
      <div>
        <label
          class="label required"
          for="password"
        >
          Password
          <span
            aria-hidden="true"
          >
            *
          </span>
        </label>
        <div
          class="inputContainer"
        >
          <div
            class="inputWrapper"
          >
            <input
              class="input password error"
              id="password"
              name="password"
              placeholder="Create your password"
              type="password"
            />
            <button
              aria-label="Show password"
              class="toggleButton"
              type="button"
            >
              <svg
                fill="currentColor"
                height="1em"
                stroke="currentColor"
                stroke-width="0"
                viewBox="0 0 576 512"
                width="1em"
                xmlns="http://www.w3.org/2000/svg"
              >
                <path
                  d="M572.52 241.4C518.29 135.59 410.93 64 288 64S57.68 135.64 3.48 241.41a32.35 32.35 0 0 0 0 29.19C57.71 376.41 165.07 448 288 448s230.32-71.64 284.52-177.41a32.35 32.35 0 0 0 0-29.19zM288 400a144 144 0 1 1 144-144 143.93 143.93 0 0 1-144 144zm0-240a95.31 95.31 0 0 0-25.31 3.79 47.85 47.85 0 0 1-66.9 66.9A95.78 95.78 0 1 0 288 160z"
                />
              </svg>
            </button>
          </div>
          <div
            class="errorMessage"
          >
            <svg
              class="errorIcon"
              fill="none"
              height="1em"
              stroke="currentColor"
              stroke-linecap="round"
              stroke-linejoin="round"
              stroke-width="2"
              viewBox="0 0 24 24"
              width="1em"
              xmlns="http://www.w3.org/2000/svg"
            >
              <circle
                cx="12"
                cy="12"
                r="10"
              />
              <line
                x1="12"
                x2="12"
                y1="8"
                y2="12"
              />
              <line
                x1="12"
                x2="12.01"
                y1="16"
                y2="16"
              />
            </svg>
            <span
              data-testid="error-input-password-test-id"
            >
              Password is required
            </span>
          </div>
        </div>
      </div>
    </div>
    <fieldset
      class="fieldset personalInfo"
    >
      <legend
        class="legend"
      >
        Personal Info
      </legend>
      <div>
        <label
          class="label required"
          for="firstName"
        >
          First Name
          <span
            aria-hidden="true"
          >
            *
          </span>
        </label>
        <div
          class="inputContainer"
        >
          <div
            class="inputWrapper"
          >
            <input
              autocomplete="name"
              class="input error"
              data-testid="test-id-input-field"
              id="firstName"
              name="firstName"
              placeholder="Your first name"
              type="text"
            />
          </div>
          <div
            class="errorMessage"
          >
            <svg
              class="errorIcon"
              fill="none"
              height="1em"
              stroke="currentColor"
              stroke-linecap="round"
              stroke-linejoin="round"
              stroke-width="2"
              viewBox="0 0 24 24"
              width="1em"
              xmlns="http://www.w3.org/2000/svg"
            >
              <circle
                cx="12"
                cy="12"
                r="10"
              />
              <line
                x1="12"
                x2="12"
                y1="8"
                y2="12"
              />
              <line
                x1="12"
                x2="12.01"
                y1="16"
                y2="16"
              />
            </svg>
            <span
              data-testid="error-input-test-id"
            >
              Name is required
            </span>
          </div>
        </div>
      </div>
      <div>
        <label
          class="label required"
          for="lastName"
        >
          Last Name
          <span
            aria-hidden="true"
          >
            *
          </span>
        </label>
        <div
          class="inputContainer"
        >
          <div
            class="inputWrapper"
          >
            <input
              autocomplete="family-name"
              class="input error"
              data-testid="test-id-input-field"
              id="lastName"
              name="lastName"
              placeholder="Your last name"
              type="text"
            />
          </div>
          <div
            class="errorMessage"
          >
            <svg
              class="errorIcon"
              fill="none"
              height="1em"
              stroke="currentColor"
              stroke-linecap="round"
              stroke-linejoin="round"
              stroke-width="2"
              viewBox="0 0 24 24"
              width="1em"
              xmlns="http://www.w3.org/2000/svg"
            >
              <circle
                cx="12"
                cy="12"
                r="10"
              />
              <line
                x1="12"
                x2="12"
                y1="8"
                y2="12"
              />
              <line
                x1="12"
                x2="12.01"
                y1="16"
                y2="16"
              />
            </svg>
            <span
              data-testid="error-input-test-id"
            >
              Name is required
            </span>
          </div>
        </div>
      </div>
      <div>
        <label
          class="label required"
          for="dateOfBirth"
        >
          Date of Birth
          <span
            aria-hidden="true"
          >
            *
          </span>
        </label>
        <div
          class="inputContainer"
        >
          <div
            class="inputWrapper"
          >
            <input
              autocomplete="bday"
              class="input error"
              data-testid="test-id-input-field"
              id="dateOfBirth"
              name="dateOfBirth"
              placeholder="Enter your date of birth"
              type="date"
            />
          </div>
          <div
            class="errorMessage"
          >
            <svg
              class="errorIcon"
              fill="none"
              height="1em"
              stroke="currentColor"
              stroke-linecap="round"
              stroke-linejoin="round"
              stroke-width="2"
              viewBox="0 0 24 24"
              width="1em"
              xmlns="http://www.w3.org/2000/svg"
            >
              <circle
                cx="12"
                cy="12"
                r="10"
              />
              <line
                x1="12"
                x2="12"
                y1="8"
                y2="12"
              />
              <line
                x1="12"
                x2="12.01"
                y1="16"
                y2="16"
              />
            </svg>
            <span
              data-testid="error-input-test-id"
            >
              Date of birth is required
            </span>
          </div>
        </div>
      </div>
    </fieldset>
    <fieldset
      class="fieldset addressInfo"
    >
      <legend
        class="legend"
      >
        Shipping Address
      </legend>
      <div>
        <label
          class="label required"
          for="shippingStreet"
        >
          Street
          <span
            aria-hidden="true"
          >
            *
          </span>
        </label>
        <div
          class="inputContainer"
        >
          <div
            class="inputWrapper"
          >
            <input
              autocomplete="street-address"
              class="input error"
              data-testid="test-id-input-field"
              id="shippingStreet"
              name="shippingAddress.streetName"
              placeholder="Street"
              type="text"
            />
          </div>
          <div
            class="errorMessage"
          >
            <svg
              class="errorIcon"
              fill="none"
              height="1em"
              stroke="currentColor"
              stroke-linecap="round"
              stroke-linejoin="round"
              stroke-width="2"
              viewBox="0 0 24 24"
              width="1em"
              xmlns="http://www.w3.org/2000/svg"
            >
              <circle
                cx="12"
                cy="12"
                r="10"
              />
              <line
                x1="12"
                x2="12"
                y1="8"
                y2="12"
              />
              <line
                x1="12"
                x2="12.01"
                y1="16"
                y2="16"
              />
            </svg>
            <span
              data-testid="error-input-test-id"
            >
              Street is required
            </span>
          </div>
        </div>
      </div>
      <div>
        <label
          class="label required"
          for="shippingCity"
        >
          City
          <span
            aria-hidden="true"
          >
            *
          </span>
        </label>
        <div
          class="inputContainer"
        >
          <div
            class="inputWrapper"
          >
            <input
              autocomplete="address-level2"
              class="input error"
              data-testid="test-id-input-field"
              id="shippingCity"
              name="shippingAddress.city"
              placeholder="City"
              type="text"
            />
          </div>
          <div
            class="errorMessage"
          >
            <svg
              class="errorIcon"
              fill="none"
              height="1em"
              stroke="currentColor"
              stroke-linecap="round"
              stroke-linejoin="round"
              stroke-width="2"
              viewBox="0 0 24 24"
              width="1em"
              xmlns="http://www.w3.org/2000/svg"
            >
              <circle
                cx="12"
                cy="12"
                r="10"
              />
              <line
                x1="12"
                x2="12"
                y1="8"
                y2="12"
              />
              <line
                x1="12"
                x2="12.01"
                y1="16"
                y2="16"
              />
            </svg>
            <span
              data-testid="error-input-test-id"
            >
              City is required
            </span>
          </div>
        </div>
      </div>
      <div>
        <label
          class="label required"
          for="shippingCountry"
        >
          Country
          <span
            aria-hidden="true"
          >
            *
          </span>
        </label>
        <div
          class="selectWrapper"
        >
          <select
            class="select"
            name="shippingAddress.country"
          >
            <option
              value="FR"
            >
              France
            </option>
            <option
              value="DE"
            >
              Germany
            </option>
            <option
              value="FR"
            >
              Italy
            </option>
          </select>
        </div>
      </div>
      <div>
        <label
          class="label required"
          for="shippingCode"
        >
          Postal Code
          <span
            aria-hidden="true"
          >
            *
          </span>
        </label>
        <div
          class="inputContainer"
        >
          <div
            class="inputWrapper"
          >
            <input
              autocomplete="postal-code"
              class="input error"
              data-testid="test-id-input-field"
              id="shippingCode"
              name="shippingAddress.postalCode"
              placeholder="Postal code"
              type="text"
            />
          </div>
          <div
            class="errorMessage"
          >
            <svg
              class="errorIcon"
              fill="none"
              height="1em"
              stroke="currentColor"
              stroke-linecap="round"
              stroke-linejoin="round"
              stroke-width="2"
              viewBox="0 0 24 24"
              width="1em"
              xmlns="http://www.w3.org/2000/svg"
            >
              <circle
                cx="12"
                cy="12"
                r="10"
              />
              <line
                x1="12"
                x2="12"
                y1="8"
                y2="12"
              />
              <line
                x1="12"
                x2="12.01"
                y1="16"
                y2="16"
              />
            </svg>
            <span
              data-testid="error-input-test-id"
            >
              Postal code is required
            </span>
          </div>
        </div>
      </div>
      <div
        class="checkboxesContainer"
      >
        <div
          class="checkboxWrapper"
        >
          <div
            class="inputContainer checkbox"
          >
            <div
              class="inputWrapper"
            >
              <input
                class="input"
                data-testid="test-id-input-field"
                id="shippingDefault"
                name="shippingDefault"
                type="checkbox"
              />
            </div>
          </div>
          <label
            class="label"
            for="shippingDefault"
          >
            Set 
            shipping
             address as default
          </label>
        </div>
        <div
          class="checkboxWrapper"
        >
          <div
            class="inputContainer checkbox"
          >
            <div
              class="inputWrapper"
            >
              <input
                class="input"
                data-testid="test-id-input-field"
                id="bill-to-shipping-address"
                name="isBillingEqualsShipping"
                type="checkbox"
              />
            </div>
          </div>
          <label
            class="label"
            for="bill-to-shipping-address"
          >
            Bill to shipping address
          </label>
        </div>
      </div>
    </fieldset>
    <fieldset
      class="fieldset addressInfo"
    >
      <legend
        class="legend"
      >
        Billing Address
      </legend>
      <div>
        <label
          class="label required"
          for="billingStreet"
        >
          Street
          <span
            aria-hidden="true"
          >
            *
          </span>
        </label>
        <div
          class="inputContainer"
        >
          <div
            class="inputWrapper"
          >
            <input
              autocomplete="street-address"
              class="input error"
              data-testid="test-id-input-field"
              id="billingStreet"
              name="billingAddress.streetName"
              placeholder="Street"
              type="text"
            />
          </div>
          <div
            class="errorMessage"
          >
            <svg
              class="errorIcon"
              fill="none"
              height="1em"
              stroke="currentColor"
              stroke-linecap="round"
              stroke-linejoin="round"
              stroke-width="2"
              viewBox="0 0 24 24"
              width="1em"
              xmlns="http://www.w3.org/2000/svg"
            >
              <circle
                cx="12"
                cy="12"
                r="10"
              />
              <line
                x1="12"
                x2="12"
                y1="8"
                y2="12"
              />
              <line
                x1="12"
                x2="12.01"
                y1="16"
                y2="16"
              />
            </svg>
            <span
              data-testid="error-input-test-id"
            >
              Street is required
            </span>
          </div>
        </div>
      </div>
      <div>
        <label
          class="label required"
          for="billingCity"
        >
          City
          <span
            aria-hidden="true"
          >
            *
          </span>
        </label>
        <div
          class="inputContainer"
        >
          <div
            class="inputWrapper"
          >
            <input
              autocomplete="address-level2"
              class="input error"
              data-testid="test-id-input-field"
              id="billingCity"
              name="billingAddress.city"
              placeholder="City"
              type="text"
            />
          </div>
          <div
            class="errorMessage"
          >
            <svg
              class="errorIcon"
              fill="none"
              height="1em"
              stroke="currentColor"
              stroke-linecap="round"
              stroke-linejoin="round"
              stroke-width="2"
              viewBox="0 0 24 24"
              width="1em"
              xmlns="http://www.w3.org/2000/svg"
            >
              <circle
                cx="12"
                cy="12"
                r="10"
              />
              <line
                x1="12"
                x2="12"
                y1="8"
                y2="12"
              />
              <line
                x1="12"
                x2="12.01"
                y1="16"
                y2="16"
              />
            </svg>
            <span
              data-testid="error-input-test-id"
            >
              City is required
            </span>
          </div>
        </div>
      </div>
      <div>
        <label
          class="label required"
          for="billingCountry"
        >
          Country
          <span
            aria-hidden="true"
          >
            *
          </span>
        </label>
        <div
          class="selectWrapper"
        >
          <select
            class="select"
            name="billingAddress.country"
          >
            <option
              value="FR"
            >
              France
            </option>
            <option
              value="DE"
            >
              Germany
            </option>
            <option
              value="FR"
            >
              Italy
            </option>
          </select>
        </div>
      </div>
      <div>
        <label
          class="label required"
          for="billingCode"
        >
          Postal Code
          <span
            aria-hidden="true"
          >
            *
          </span>
        </label>
        <div
          class="inputContainer"
        >
          <div
            class="inputWrapper"
          >
            <input
              autocomplete="postal-code"
              class="input error"
              data-testid="test-id-input-field"
              id="billingCode"
              name="billingAddress.postalCode"
              placeholder="Postal code"
              type="text"
            />
          </div>
          <div
            class="errorMessage"
          >
            <svg
              class="errorIcon"
              fill="none"
              height="1em"
              stroke="currentColor"
              stroke-linecap="round"
              stroke-linejoin="round"
              stroke-width="2"
              viewBox="0 0 24 24"
              width="1em"
              xmlns="http://www.w3.org/2000/svg"
            >
              <circle
                cx="12"
                cy="12"
                r="10"
              />
              <line
                x1="12"
                x2="12"
                y1="8"
                y2="12"
              />
              <line
                x1="12"
                x2="12.01"
                y1="16"
                y2="16"
              />
            </svg>
            <span
              data-testid="error-input-test-id"
            >
              Postal code is required
            </span>
          </div>
        </div>
      </div>
      <div
        class="checkboxesContainer"
      >
        <div
          class="checkboxWrapper"
        >
          <div
            class="inputContainer checkbox"
          >
            <div
              class="inputWrapper"
            >
              <input
                class="input"
                data-testid="test-id-input-field"
                id="billingDefault"
                name="billingDefault"
                type="checkbox"
              />
            </div>
          </div>
          <label
            class="label"
            for="billingDefault"
          >
            Set 
            billing
             address as default
          </label>
        </div>
      </div>
    </fieldset>
    <button
      class="button primary submitButton"
      type="submit"
    >
      Sign Up
    </button>
    <div
      class="signInRedirect"
    >
      <p
        class="signInText"
      >
        Already have an account?
      </p>
      <a
        class="signInLink"
        data-discover="true"
        href="/login"
      >
        Sign In
      </a>
    </div>
  </form>
</div>
`;

exports[`<RegistrationForm/> component Render Registration Form component - Validation - empty form submit 1`] = `
<div
  class="registrationContainer"
  data-testid="test-id-register-form"
>
  <form
    class="form"
    data-testid="form-test-id"
  >
    <h2
      class="heading heading--h2 formTitle"
    >
      Registration
    </h2>
    <div
      class="loginInfo"
    >
      <div>
        <label
          class="label required"
          for="email"
        >
          Email
          <span
            aria-hidden="true"
          >
            *
          </span>
        </label>
        <div
          class="inputContainer"
        >
          <div
            class="inputWrapper"
          >
            <input
              autocomplete="email"
              class="input error"
              data-testid="test-id-input-field"
              id="email"
              name="email"
              placeholder="Enter your email"
              type="text"
            />
          </div>
          <div
            class="errorMessage"
          >
            <svg
              class="errorIcon"
              fill="none"
              height="1em"
              stroke="currentColor"
              stroke-linecap="round"
              stroke-linejoin="round"
              stroke-width="2"
              viewBox="0 0 24 24"
              width="1em"
              xmlns="http://www.w3.org/2000/svg"
            >
              <circle
                cx="12"
                cy="12"
                r="10"
              />
              <line
                x1="12"
                x2="12"
                y1="8"
                y2="12"
              />
              <line
                x1="12"
                x2="12.01"
                y1="16"
                y2="16"
              />
            </svg>
            <span
              data-testid="error-input-test-id"
            >
              Email is required
            </span>
          </div>
        </div>
      </div>
      <div>
        <label
          class="label required"
          for="password"
        >
          Password
          <span
            aria-hidden="true"
          >
            *
          </span>
        </label>
        <div
          class="inputContainer"
        >
          <div
            class="inputWrapper"
          >
            <input
              class="input password error"
              id="password"
              name="password"
              placeholder="Create your password"
              type="password"
            />
            <button
              aria-label="Show password"
              class="toggleButton"
              type="button"
            >
              <svg
                fill="currentColor"
                height="1em"
                stroke="currentColor"
                stroke-width="0"
                viewBox="0 0 576 512"
                width="1em"
                xmlns="http://www.w3.org/2000/svg"
              >
                <path
                  d="M572.52 241.4C518.29 135.59 410.93 64 288 64S57.68 135.64 3.48 241.41a32.35 32.35 0 0 0 0 29.19C57.71 376.41 165.07 448 288 448s230.32-71.64 284.52-177.41a32.35 32.35 0 0 0 0-29.19zM288 400a144 144 0 1 1 144-144 143.93 143.93 0 0 1-144 144zm0-240a95.31 95.31 0 0 0-25.31 3.79 47.85 47.85 0 0 1-66.9 66.9A95.78 95.78 0 1 0 288 160z"
                />
              </svg>
            </button>
          </div>
          <div
            class="errorMessage"
          >
            <svg
              class="errorIcon"
              fill="none"
              height="1em"
              stroke="currentColor"
              stroke-linecap="round"
              stroke-linejoin="round"
              stroke-width="2"
              viewBox="0 0 24 24"
              width="1em"
              xmlns="http://www.w3.org/2000/svg"
            >
              <circle
                cx="12"
                cy="12"
                r="10"
              />
              <line
                x1="12"
                x2="12"
                y1="8"
                y2="12"
              />
              <line
                x1="12"
                x2="12.01"
                y1="16"
                y2="16"
              />
            </svg>
            <span
              data-testid="error-input-password-test-id"
            >
              Password is required
            </span>
          </div>
        </div>
      </div>
    </div>
    <fieldset
      class="fieldset personalInfo"
    >
      <legend
        class="legend"
      >
        Personal Info
      </legend>
      <div>
        <label
          class="label required"
          for="firstName"
        >
          First Name
          <span
            aria-hidden="true"
          >
            *
          </span>
        </label>
        <div
          class="inputContainer"
        >
          <div
            class="inputWrapper"
          >
            <input
              autocomplete="name"
              class="input error"
              data-testid="test-id-input-field"
              id="firstName"
              name="firstName"
              placeholder="Your first name"
              type="text"
            />
          </div>
          <div
            class="errorMessage"
          >
            <svg
              class="errorIcon"
              fill="none"
              height="1em"
              stroke="currentColor"
              stroke-linecap="round"
              stroke-linejoin="round"
              stroke-width="2"
              viewBox="0 0 24 24"
              width="1em"
              xmlns="http://www.w3.org/2000/svg"
            >
              <circle
                cx="12"
                cy="12"
                r="10"
              />
              <line
                x1="12"
                x2="12"
                y1="8"
                y2="12"
              />
              <line
                x1="12"
                x2="12.01"
                y1="16"
                y2="16"
              />
            </svg>
            <span
              data-testid="error-input-test-id"
            >
              Name is required
            </span>
          </div>
        </div>
      </div>
      <div>
        <label
          class="label required"
          for="lastName"
        >
          Last Name
          <span
            aria-hidden="true"
          >
            *
          </span>
        </label>
        <div
          class="inputContainer"
        >
          <div
            class="inputWrapper"
          >
            <input
              autocomplete="family-name"
              class="input error"
              data-testid="test-id-input-field"
              id="lastName"
              name="lastName"
              placeholder="Your last name"
              type="text"
            />
          </div>
          <div
            class="errorMessage"
          >
            <svg
              class="errorIcon"
              fill="none"
              height="1em"
              stroke="currentColor"
              stroke-linecap="round"
              stroke-linejoin="round"
              stroke-width="2"
              viewBox="0 0 24 24"
              width="1em"
              xmlns="http://www.w3.org/2000/svg"
            >
              <circle
                cx="12"
                cy="12"
                r="10"
              />
              <line
                x1="12"
                x2="12"
                y1="8"
                y2="12"
              />
              <line
                x1="12"
                x2="12.01"
                y1="16"
                y2="16"
              />
            </svg>
            <span
              data-testid="error-input-test-id"
            >
              Name is required
            </span>
          </div>
        </div>
      </div>
      <div>
        <label
          class="label required"
          for="dateOfBirth"
        >
          Date of Birth
          <span
            aria-hidden="true"
          >
            *
          </span>
        </label>
        <div
          class="inputContainer"
        >
          <div
            class="inputWrapper"
          >
            <input
              autocomplete="bday"
              class="input error"
              data-testid="test-id-input-field"
              id="dateOfBirth"
              name="dateOfBirth"
              placeholder="Enter your date of birth"
              type="date"
            />
          </div>
          <div
            class="errorMessage"
          >
            <svg
              class="errorIcon"
              fill="none"
              height="1em"
              stroke="currentColor"
              stroke-linecap="round"
              stroke-linejoin="round"
              stroke-width="2"
              viewBox="0 0 24 24"
              width="1em"
              xmlns="http://www.w3.org/2000/svg"
            >
              <circle
                cx="12"
                cy="12"
                r="10"
              />
              <line
                x1="12"
                x2="12"
                y1="8"
                y2="12"
              />
              <line
                x1="12"
                x2="12.01"
                y1="16"
                y2="16"
              />
            </svg>
            <span
              data-testid="error-input-test-id"
            >
              Date of birth is required
            </span>
          </div>
        </div>
      </div>
    </fieldset>
    <fieldset
      class="fieldset addressInfo"
    >
      <legend
        class="legend"
      >
        Shipping Address
      </legend>
      <div>
        <label
          class="label required"
          for="shippingStreet"
        >
          Street
          <span
            aria-hidden="true"
          >
            *
          </span>
        </label>
        <div
          class="inputContainer"
        >
          <div
            class="inputWrapper"
          >
            <input
              autocomplete="street-address"
              class="input error"
              data-testid="test-id-input-field"
              id="shippingStreet"
              name="shippingAddress.streetName"
              placeholder="Street"
              type="text"
            />
          </div>
          <div
            class="errorMessage"
          >
            <svg
              class="errorIcon"
              fill="none"
              height="1em"
              stroke="currentColor"
              stroke-linecap="round"
              stroke-linejoin="round"
              stroke-width="2"
              viewBox="0 0 24 24"
              width="1em"
              xmlns="http://www.w3.org/2000/svg"
            >
              <circle
                cx="12"
                cy="12"
                r="10"
              />
              <line
                x1="12"
                x2="12"
                y1="8"
                y2="12"
              />
              <line
                x1="12"
                x2="12.01"
                y1="16"
                y2="16"
              />
            </svg>
            <span
              data-testid="error-input-test-id"
            >
              Street is required
            </span>
          </div>
        </div>
      </div>
      <div>
        <label
          class="label required"
          for="shippingCity"
        >
          City
          <span
            aria-hidden="true"
          >
            *
          </span>
        </label>
        <div
          class="inputContainer"
        >
          <div
            class="inputWrapper"
          >
            <input
              autocomplete="address-level2"
              class="input error"
              data-testid="test-id-input-field"
              id="shippingCity"
              name="shippingAddress.city"
              placeholder="City"
              type="text"
            />
          </div>
          <div
            class="errorMessage"
          >
            <svg
              class="errorIcon"
              fill="none"
              height="1em"
              stroke="currentColor"
              stroke-linecap="round"
              stroke-linejoin="round"
              stroke-width="2"
              viewBox="0 0 24 24"
              width="1em"
              xmlns="http://www.w3.org/2000/svg"
            >
              <circle
                cx="12"
                cy="12"
                r="10"
              />
              <line
                x1="12"
                x2="12"
                y1="8"
                y2="12"
              />
              <line
                x1="12"
                x2="12.01"
                y1="16"
                y2="16"
              />
            </svg>
            <span
              data-testid="error-input-test-id"
            >
              City is required
            </span>
          </div>
        </div>
      </div>
      <div>
        <label
          class="label required"
          for="shippingCountry"
        >
          Country
          <span
            aria-hidden="true"
          >
            *
          </span>
        </label>
        <div
          class="selectWrapper"
        >
          <select
            class="select"
            name="shippingAddress.country"
          >
            <option
              value="FR"
            >
              France
            </option>
            <option
              value="DE"
            >
              Germany
            </option>
            <option
              value="FR"
            >
              Italy
            </option>
          </select>
        </div>
      </div>
      <div>
        <label
          class="label required"
          for="shippingCode"
        >
          Postal Code
          <span
            aria-hidden="true"
          >
            *
          </span>
        </label>
        <div
          class="inputContainer"
        >
          <div
            class="inputWrapper"
          >
            <input
              autocomplete="postal-code"
              class="input error"
              data-testid="test-id-input-field"
              id="shippingCode"
              name="shippingAddress.postalCode"
              placeholder="Postal code"
              type="text"
            />
          </div>
          <div
            class="errorMessage"
          >
            <svg
              class="errorIcon"
              fill="none"
              height="1em"
              stroke="currentColor"
              stroke-linecap="round"
              stroke-linejoin="round"
              stroke-width="2"
              viewBox="0 0 24 24"
              width="1em"
              xmlns="http://www.w3.org/2000/svg"
            >
              <circle
                cx="12"
                cy="12"
                r="10"
              />
              <line
                x1="12"
                x2="12"
                y1="8"
                y2="12"
              />
              <line
                x1="12"
                x2="12.01"
                y1="16"
                y2="16"
              />
            </svg>
            <span
              data-testid="error-input-test-id"
            >
              Postal code is required
            </span>
          </div>
        </div>
      </div>
      <div
        class="checkboxesContainer"
      >
        <div
          class="checkboxWrapper"
        >
          <div
            class="inputContainer checkbox"
          >
            <div
              class="inputWrapper"
            >
              <input
                class="input"
                data-testid="test-id-input-field"
                id="shippingDefault"
                name="shippingDefault"
                type="checkbox"
              />
            </div>
          </div>
          <label
            class="label"
            for="shippingDefault"
          >
            Set 
            shipping
             address as default
          </label>
        </div>
        <div
          class="checkboxWrapper"
        >
          <div
            class="inputContainer checkbox"
          >
            <div
              class="inputWrapper"
            >
              <input
                class="input"
                data-testid="test-id-input-field"
                id="bill-to-shipping-address"
                name="isBillingEqualsShipping"
                type="checkbox"
              />
            </div>
          </div>
          <label
            class="label"
            for="bill-to-shipping-address"
          >
            Bill to shipping address
          </label>
        </div>
      </div>
    </fieldset>
    <fieldset
      class="fieldset addressInfo"
    >
      <legend
        class="legend"
      >
        Billing Address
      </legend>
      <div>
        <label
          class="label required"
          for="billingStreet"
        >
          Street
          <span
            aria-hidden="true"
          >
            *
          </span>
        </label>
        <div
          class="inputContainer"
        >
          <div
            class="inputWrapper"
          >
            <input
              autocomplete="street-address"
              class="input error"
              data-testid="test-id-input-field"
              id="billingStreet"
              name="billingAddress.streetName"
              placeholder="Street"
              type="text"
            />
          </div>
          <div
            class="errorMessage"
          >
            <svg
              class="errorIcon"
              fill="none"
              height="1em"
              stroke="currentColor"
              stroke-linecap="round"
              stroke-linejoin="round"
              stroke-width="2"
              viewBox="0 0 24 24"
              width="1em"
              xmlns="http://www.w3.org/2000/svg"
            >
              <circle
                cx="12"
                cy="12"
                r="10"
              />
              <line
                x1="12"
                x2="12"
                y1="8"
                y2="12"
              />
              <line
                x1="12"
                x2="12.01"
                y1="16"
                y2="16"
              />
            </svg>
            <span
              data-testid="error-input-test-id"
            >
              Street is required
            </span>
          </div>
        </div>
      </div>
      <div>
        <label
          class="label required"
          for="billingCity"
        >
          City
          <span
            aria-hidden="true"
          >
            *
          </span>
        </label>
        <div
          class="inputContainer"
        >
          <div
            class="inputWrapper"
          >
            <input
              autocomplete="address-level2"
              class="input error"
              data-testid="test-id-input-field"
              id="billingCity"
              name="billingAddress.city"
              placeholder="City"
              type="text"
            />
          </div>
          <div
            class="errorMessage"
          >
            <svg
              class="errorIcon"
              fill="none"
              height="1em"
              stroke="currentColor"
              stroke-linecap="round"
              stroke-linejoin="round"
              stroke-width="2"
              viewBox="0 0 24 24"
              width="1em"
              xmlns="http://www.w3.org/2000/svg"
            >
              <circle
                cx="12"
                cy="12"
                r="10"
              />
              <line
                x1="12"
                x2="12"
                y1="8"
                y2="12"
              />
              <line
                x1="12"
                x2="12.01"
                y1="16"
                y2="16"
              />
            </svg>
            <span
              data-testid="error-input-test-id"
            >
              City is required
            </span>
          </div>
        </div>
      </div>
      <div>
        <label
          class="label required"
          for="billingCountry"
        >
          Country
          <span
            aria-hidden="true"
          >
            *
          </span>
        </label>
        <div
          class="selectWrapper"
        >
          <select
            class="select"
            name="billingAddress.country"
          >
            <option
              value="FR"
            >
              France
            </option>
            <option
              value="DE"
            >
              Germany
            </option>
            <option
              value="FR"
            >
              Italy
            </option>
          </select>
        </div>
      </div>
      <div>
        <label
          class="label required"
          for="billingCode"
        >
          Postal Code
          <span
            aria-hidden="true"
          >
            *
          </span>
        </label>
        <div
          class="inputContainer"
        >
          <div
            class="inputWrapper"
          >
            <input
              autocomplete="postal-code"
              class="input error"
              data-testid="test-id-input-field"
              id="billingCode"
              name="billingAddress.postalCode"
              placeholder="Postal code"
              type="text"
            />
          </div>
          <div
            class="errorMessage"
          >
            <svg
              class="errorIcon"
              fill="none"
              height="1em"
              stroke="currentColor"
              stroke-linecap="round"
              stroke-linejoin="round"
              stroke-width="2"
              viewBox="0 0 24 24"
              width="1em"
              xmlns="http://www.w3.org/2000/svg"
            >
              <circle
                cx="12"
                cy="12"
                r="10"
              />
              <line
                x1="12"
                x2="12"
                y1="8"
                y2="12"
              />
              <line
                x1="12"
                x2="12.01"
                y1="16"
                y2="16"
              />
            </svg>
            <span
              data-testid="error-input-test-id"
            >
              Postal code is required
            </span>
          </div>
        </div>
      </div>
      <div
        class="checkboxesContainer"
      >
        <div
          class="checkboxWrapper"
        >
          <div
            class="inputContainer checkbox"
          >
            <div
              class="inputWrapper"
            >
              <input
                class="input"
                data-testid="test-id-input-field"
                id="billingDefault"
                name="billingDefault"
                type="checkbox"
              />
            </div>
          </div>
          <label
            class="label"
            for="billingDefault"
          >
            Set 
            billing
             address as default
          </label>
        </div>
      </div>
    </fieldset>
    <button
      class="button primary submitButton"
      type="submit"
    >
      Sign Up
    </button>
    <div
      class="signInRedirect"
    >
      <p
        class="signInText"
      >
        Already have an account?
      </p>
      <a
        class="signInLink"
        data-discover="true"
        href="/login"
      >
        Sign In
      </a>
    </div>
  </form>
</div>
`;

exports[`<RegistrationForm/> component Render Registration Form component 1`] = `
<div
  class="registrationContainer"
  data-testid="test-id-register-form"
>
  <form
    class="form"
    data-testid="form-test-id"
  >
    <h2
      class="heading heading--h2 formTitle"
    >
      Registration
    </h2>
    <div
      class="loginInfo"
    >
      <div>
        <label
          class="label required"
          for="email"
        >
          Email
          <span
            aria-hidden="true"
          >
            *
          </span>
        </label>
        <div
          class="inputContainer"
        >
          <div
            class="inputWrapper"
          >
            <input
              autocomplete="email"
              class="input"
              data-testid="test-id-input-field"
              id="email"
              name="email"
              placeholder="Enter your email"
              type="text"
            />
          </div>
        </div>
      </div>
      <div>
        <label
          class="label required"
          for="password"
        >
          Password
          <span
            aria-hidden="true"
          >
            *
          </span>
        </label>
        <div
          class="inputContainer"
        >
          <div
            class="inputWrapper"
          >
            <input
              class="input password"
              id="password"
              name="password"
              placeholder="Create your password"
              type="password"
            />
            <button
              aria-label="Show password"
              class="toggleButton"
              type="button"
            >
              <svg
                fill="currentColor"
                height="1em"
                stroke="currentColor"
                stroke-width="0"
                viewBox="0 0 576 512"
                width="1em"
                xmlns="http://www.w3.org/2000/svg"
              >
                <path
                  d="M572.52 241.4C518.29 135.59 410.93 64 288 64S57.68 135.64 3.48 241.41a32.35 32.35 0 0 0 0 29.19C57.71 376.41 165.07 448 288 448s230.32-71.64 284.52-177.41a32.35 32.35 0 0 0 0-29.19zM288 400a144 144 0 1 1 144-144 143.93 143.93 0 0 1-144 144zm0-240a95.31 95.31 0 0 0-25.31 3.79 47.85 47.85 0 0 1-66.9 66.9A95.78 95.78 0 1 0 288 160z"
                />
              </svg>
            </button>
          </div>
        </div>
      </div>
    </div>
    <fieldset
      class="fieldset personalInfo"
    >
      <legend
        class="legend"
      >
        Personal Info
      </legend>
      <div>
        <label
          class="label required"
          for="firstName"
        >
          First Name
          <span
            aria-hidden="true"
          >
            *
          </span>
        </label>
        <div
          class="inputContainer"
        >
          <div
            class="inputWrapper"
          >
            <input
              autocomplete="name"
              class="input"
              data-testid="test-id-input-field"
              id="firstName"
              name="firstName"
              placeholder="Your first name"
              type="text"
            />
          </div>
        </div>
      </div>
      <div>
        <label
          class="label required"
          for="lastName"
        >
          Last Name
          <span
            aria-hidden="true"
          >
            *
          </span>
        </label>
        <div
          class="inputContainer"
        >
          <div
            class="inputWrapper"
          >
            <input
              autocomplete="family-name"
              class="input"
              data-testid="test-id-input-field"
              id="lastName"
              name="lastName"
              placeholder="Your last name"
              type="text"
            />
          </div>
        </div>
      </div>
      <div>
        <label
          class="label required"
          for="dateOfBirth"
        >
          Date of Birth
          <span
            aria-hidden="true"
          >
            *
          </span>
        </label>
        <div
          class="inputContainer"
        >
          <div
            class="inputWrapper"
          >
            <input
              autocomplete="bday"
              class="input"
              data-testid="test-id-input-field"
              id="dateOfBirth"
              name="dateOfBirth"
              placeholder="Enter your date of birth"
              type="date"
            />
          </div>
        </div>
      </div>
    </fieldset>
    <fieldset
      class="fieldset addressInfo"
    >
      <legend
        class="legend"
      >
        Shipping Address
      </legend>
      <div>
        <label
          class="label required"
          for="shippingStreet"
        >
          Street
          <span
            aria-hidden="true"
          >
            *
          </span>
        </label>
        <div
          class="inputContainer"
        >
          <div
            class="inputWrapper"
          >
            <input
              autocomplete="street-address"
              class="input"
              data-testid="test-id-input-field"
              id="shippingStreet"
              name="shippingAddress.streetName"
              placeholder="Street"
              type="text"
            />
          </div>
        </div>
      </div>
      <div>
        <label
          class="label required"
          for="shippingCity"
        >
          City
          <span
            aria-hidden="true"
          >
            *
          </span>
        </label>
        <div
          class="inputContainer"
        >
          <div
            class="inputWrapper"
          >
            <input
              autocomplete="address-level2"
              class="input"
              data-testid="test-id-input-field"
              id="shippingCity"
              name="shippingAddress.city"
              placeholder="City"
              type="text"
            />
          </div>
        </div>
      </div>
      <div>
        <label
          class="label required"
          for="shippingCountry"
        >
          Country
          <span
            aria-hidden="true"
          >
            *
          </span>
        </label>
        <div
          class="selectWrapper"
        >
          <select
            class="select"
            name="shippingAddress.country"
          >
            <option
              value="FR"
            >
              France
            </option>
            <option
              value="DE"
            >
              Germany
            </option>
            <option
              value="FR"
            >
              Italy
            </option>
          </select>
        </div>
      </div>
      <div>
        <label
          class="label required"
          for="shippingCode"
        >
          Postal Code
          <span
            aria-hidden="true"
          >
            *
          </span>
        </label>
        <div
          class="inputContainer"
        >
          <div
            class="inputWrapper"
          >
            <input
              autocomplete="postal-code"
              class="input"
              data-testid="test-id-input-field"
              id="shippingCode"
              name="shippingAddress.postalCode"
              placeholder="Postal code"
              type="text"
            />
          </div>
        </div>
      </div>
      <div
        class="checkboxesContainer"
      >
        <div
          class="checkboxWrapper"
        >
          <div
            class="inputContainer checkbox"
          >
            <div
              class="inputWrapper"
            >
              <input
                class="input"
                data-testid="test-id-input-field"
                id="shippingDefault"
                name="shippingDefault"
                type="checkbox"
              />
            </div>
          </div>
          <label
            class="label"
            for="shippingDefault"
          >
            Set 
            shipping
             address as default
          </label>
        </div>
        <div
          class="checkboxWrapper"
        >
          <div
            class="inputContainer checkbox"
          >
            <div
              class="inputWrapper"
            >
              <input
                class="input"
                data-testid="test-id-input-field"
                id="bill-to-shipping-address"
                name="isBillingEqualsShipping"
                type="checkbox"
              />
            </div>
          </div>
          <label
            class="label"
            for="bill-to-shipping-address"
          >
            Bill to shipping address
          </label>
        </div>
      </div>
    </fieldset>
    <fieldset
      class="fieldset addressInfo"
    >
      <legend
        class="legend"
      >
        Billing Address
      </legend>
      <div>
        <label
          class="label required"
          for="billingStreet"
        >
          Street
          <span
            aria-hidden="true"
          >
            *
          </span>
        </label>
        <div
          class="inputContainer"
        >
          <div
            class="inputWrapper"
          >
            <input
              autocomplete="street-address"
              class="input"
              data-testid="test-id-input-field"
              id="billingStreet"
              name="billingAddress.streetName"
              placeholder="Street"
              type="text"
            />
          </div>
        </div>
      </div>
      <div>
        <label
          class="label required"
          for="billingCity"
        >
          City
          <span
            aria-hidden="true"
          >
            *
          </span>
        </label>
        <div
          class="inputContainer"
        >
          <div
            class="inputWrapper"
          >
            <input
              autocomplete="address-level2"
              class="input"
              data-testid="test-id-input-field"
              id="billingCity"
              name="billingAddress.city"
              placeholder="City"
              type="text"
            />
          </div>
        </div>
      </div>
      <div>
        <label
          class="label required"
          for="billingCountry"
        >
          Country
          <span
            aria-hidden="true"
          >
            *
          </span>
        </label>
        <div
          class="selectWrapper"
        >
          <select
            class="select"
            name="billingAddress.country"
          >
            <option
              value="FR"
            >
              France
            </option>
            <option
              value="DE"
            >
              Germany
            </option>
            <option
              value="FR"
            >
              Italy
            </option>
          </select>
        </div>
      </div>
      <div>
        <label
          class="label required"
          for="billingCode"
        >
          Postal Code
          <span
            aria-hidden="true"
          >
            *
          </span>
        </label>
        <div
          class="inputContainer"
        >
          <div
            class="inputWrapper"
          >
            <input
              autocomplete="postal-code"
              class="input"
              data-testid="test-id-input-field"
              id="billingCode"
              name="billingAddress.postalCode"
              placeholder="Postal code"
              type="text"
            />
          </div>
        </div>
      </div>
      <div
        class="checkboxesContainer"
      >
        <div
          class="checkboxWrapper"
        >
          <div
            class="inputContainer checkbox"
          >
            <div
              class="inputWrapper"
            >
              <input
                class="input"
                data-testid="test-id-input-field"
                id="billingDefault"
                name="billingDefault"
                type="checkbox"
              />
            </div>
          </div>
          <label
            class="label"
            for="billingDefault"
          >
            Set 
            billing
             address as default
          </label>
        </div>
      </div>
    </fieldset>
    <button
      class="button primary submitButton"
      type="submit"
    >
      Sign Up
    </button>
    <div
      class="signInRedirect"
    >
      <p
        class="signInText"
      >
        Already have an account?
      </p>
      <a
        class="signInLink"
        data-discover="true"
        href="/login"
      >
        Sign In
      </a>
    </div>
  </form>
</div>
`;

exports[`Render Registration Form component 1`] = `
<div
  class="registrationContainer"
  data-testid="test-id-register-form"
>
  <form
    class="form"
    data-testid="form-test-id"
  >
    <h2
      class="heading heading--h2 formTitle"
    >
      Registration
    </h2>
    <div
      class="loginInfo"
    >
      <div>
        <label
          class="label required"
          for="email"
        >
          Email
          <span
            aria-hidden="true"
          >
            *
          </span>
        </label>
        <div
          class="inputContainer"
        >
          <div
            class="inputWrapper"
          >
            <input
              autocomplete="email"
              class="input"
              data-testid="test-id-input-field"
              id="email"
              name="email"
              placeholder="Enter your email"
              type="text"
            />
          </div>
        </div>
      </div>
      <div>
        <label
          class="label required"
          for="password"
        >
          Password
          <span
            aria-hidden="true"
          >
            *
          </span>
        </label>
        <div
          class="inputContainer"
        >
          <div
            class="inputWrapper"
          >
            <input
              class="input password"
              id="password"
              name="password"
              placeholder="Create your password"
              type="password"
            />
            <button
              aria-label="Show password"
              class="toggleButton"
              type="button"
            >
              <svg
                fill="currentColor"
                height="1em"
                stroke="currentColor"
                stroke-width="0"
                viewBox="0 0 576 512"
                width="1em"
                xmlns="http://www.w3.org/2000/svg"
              >
                <path
                  d="M572.52 241.4C518.29 135.59 410.93 64 288 64S57.68 135.64 3.48 241.41a32.35 32.35 0 0 0 0 29.19C57.71 376.41 165.07 448 288 448s230.32-71.64 284.52-177.41a32.35 32.35 0 0 0 0-29.19zM288 400a144 144 0 1 1 144-144 143.93 143.93 0 0 1-144 144zm0-240a95.31 95.31 0 0 0-25.31 3.79 47.85 47.85 0 0 1-66.9 66.9A95.78 95.78 0 1 0 288 160z"
                />
              </svg>
            </button>
          </div>
        </div>
      </div>
    </div>
    <fieldset
      class="fieldset personalInfo"
    >
      <legend
        class="legend"
      >
        Personal Info
      </legend>
      <div>
        <label
          class="label required"
          for="firstName"
        >
          First Name
          <span
            aria-hidden="true"
          >
            *
          </span>
        </label>
        <div
          class="inputContainer"
        >
          <div
            class="inputWrapper"
          >
            <input
              autocomplete="name"
              class="input"
              data-testid="test-id-input-field"
              id="firstName"
              name="firstName"
              placeholder="Your first name"
              type="text"
            />
          </div>
        </div>
      </div>
      <div>
        <label
          class="label required"
          for="lastName"
        >
          Last Name
          <span
            aria-hidden="true"
          >
            *
          </span>
        </label>
        <div
          class="inputContainer"
        >
          <div
            class="inputWrapper"
          >
            <input
              autocomplete="family-name"
              class="input"
              data-testid="test-id-input-field"
              id="lastName"
              name="lastName"
              placeholder="Your last name"
              type="text"
            />
          </div>
        </div>
      </div>
      <div>
        <label
          class="label required"
          for="dateOfBirth"
        >
          Date of Birth
          <span
            aria-hidden="true"
          >
            *
          </span>
        </label>
        <div
          class="inputContainer"
        >
          <div
            class="inputWrapper"
          >
            <input
              autocomplete="bday"
              class="input"
              data-testid="test-id-input-field"
              id="dateOfBirth"
              name="dateOfBirth"
              placeholder="Enter your date of birth"
              type="date"
            />
          </div>
        </div>
      </div>
    </fieldset>
    <fieldset
      class="fieldset addressInfo"
    >
      <legend
        class="legend"
      >
        Shipping Address
      </legend>
      <div>
        <label
          class="label required"
          for="shippingStreet"
        >
          Street
          <span
            aria-hidden="true"
          >
            *
          </span>
        </label>
        <div
          class="inputContainer"
        >
          <div
            class="inputWrapper"
          >
            <input
              autocomplete="street-address"
              class="input"
              data-testid="test-id-input-field"
              id="shippingStreet"
              name="shippingAddress.streetName"
              placeholder="Street"
              type="text"
            />
          </div>
        </div>
      </div>
      <div>
        <label
          class="label required"
          for="shippingCity"
        >
          City
          <span
            aria-hidden="true"
          >
            *
          </span>
        </label>
        <div
          class="inputContainer"
        >
          <div
            class="inputWrapper"
          >
            <input
              autocomplete="address-level2"
              class="input"
              data-testid="test-id-input-field"
              id="shippingCity"
              name="shippingAddress.city"
              placeholder="City"
              type="text"
            />
          </div>
        </div>
      </div>
      <div>
        <label
          class="label required"
          for="shippingCountry"
        >
          Country
          <span
            aria-hidden="true"
          >
            *
          </span>
        </label>
        <div
          class="selectWrapper"
        >
          <select
            class="select"
            name="shippingAddress.country"
          >
            <option
              value="FR"
            >
              France
            </option>
            <option
              value="DE"
            >
              Germany
            </option>
            <option
              value="FR"
            >
              Italy
            </option>
          </select>
        </div>
      </div>
      <div>
        <label
          class="label required"
          for="shippingCode"
        >
          Postal Code
          <span
            aria-hidden="true"
          >
            *
          </span>
        </label>
        <div
          class="inputContainer"
        >
          <div
            class="inputWrapper"
          >
            <input
              autocomplete="postal-code"
              class="input"
              data-testid="test-id-input-field"
              id="shippingCode"
              name="shippingAddress.postalCode"
              placeholder="Postal code"
              type="text"
            />
          </div>
        </div>
      </div>
      <div
        class="checkboxesContainer"
      >
        <div
          class="checkboxWrapper"
        >
          <div
            class="inputContainer checkbox"
          >
            <div
              class="inputWrapper"
            >
              <input
                class="input"
                data-testid="test-id-input-field"
                id="shippingDefault"
                name="shippingDefault"
                type="checkbox"
              />
            </div>
          </div>
          <label
            class="label"
            for="shippingDefault"
          >
            Set 
            shipping
             address as default
          </label>
        </div>
        <div
          class="checkboxWrapper"
        >
          <div
            class="inputContainer checkbox"
          >
            <div
              class="inputWrapper"
            >
              <input
                class="input"
                data-testid="test-id-input-field"
                id="bill-to-shipping-address"
                name="isBillingEqualsShipping"
                type="checkbox"
              />
            </div>
          </div>
          <label
            class="label"
            for="bill-to-shipping-address"
          >
            Bill to shipping address
          </label>
        </div>
      </div>
    </fieldset>
    <fieldset
      class="fieldset addressInfo"
    >
      <legend
        class="legend"
      >
        Billing Address
      </legend>
      <div>
        <label
          class="label required"
          for="billingStreet"
        >
          Street
          <span
            aria-hidden="true"
          >
            *
          </span>
        </label>
        <div
          class="inputContainer"
        >
          <div
            class="inputWrapper"
          >
            <input
              autocomplete="street-address"
              class="input"
              data-testid="test-id-input-field"
              id="billingStreet"
              name="billingAddress.streetName"
              placeholder="Street"
              type="text"
            />
          </div>
        </div>
      </div>
      <div>
        <label
          class="label required"
          for="billingCity"
        >
          City
          <span
            aria-hidden="true"
          >
            *
          </span>
        </label>
        <div
          class="inputContainer"
        >
          <div
            class="inputWrapper"
          >
            <input
              autocomplete="address-level2"
              class="input"
              data-testid="test-id-input-field"
              id="billingCity"
              name="billingAddress.city"
              placeholder="City"
              type="text"
            />
          </div>
        </div>
      </div>
      <div>
        <label
          class="label required"
          for="billingCountry"
        >
          Country
          <span
            aria-hidden="true"
          >
            *
          </span>
        </label>
        <div
          class="selectWrapper"
        >
          <select
            class="select"
            name="billingAddress.country"
          >
            <option
              value="FR"
            >
              France
            </option>
            <option
              value="DE"
            >
              Germany
            </option>
            <option
              value="FR"
            >
              Italy
            </option>
          </select>
        </div>
      </div>
      <div>
        <label
          class="label required"
          for="billingCode"
        >
          Postal Code
          <span
            aria-hidden="true"
          >
            *
          </span>
        </label>
        <div
          class="inputContainer"
        >
          <div
            class="inputWrapper"
          >
            <input
              autocomplete="postal-code"
              class="input"
              data-testid="test-id-input-field"
              id="billingCode"
              name="billingAddress.postalCode"
              placeholder="Postal code"
              type="text"
            />
          </div>
        </div>
      </div>
      <div
        class="checkboxesContainer"
      >
        <div
          class="checkboxWrapper"
        >
          <div
            class="inputContainer checkbox"
          >
            <div
              class="inputWrapper"
            >
              <input
                class="input"
                data-testid="test-id-input-field"
                id="billingDefault"
                name="billingDefault"
                type="checkbox"
              />
            </div>
          </div>
          <label
            class="label"
            for="billingDefault"
          >
            Set 
            billing
             address as default
          </label>
        </div>
      </div>
    </fieldset>
    <button
      class="button primary submitButton"
      type="submit"
    >
      Sign Up
    </button>
    <div
      class="signInRedirect"
    >
      <p
        class="signInText"
      >
        Already have an account?
      </p>
      <a
        class="signInLink"
        data-discover="true"
        href="/login"
      >
        Sign In
      </a>
    </div>
  </form>
</div>
`;
